{
  "Location": null,
  "Value": null,
  "Formatters": [],
  "ContentTypes": [],
  "DeclaredType": null,
  "StatusCode": 202
}
